Archive member included to satisfy reference by file (symbol)

/usr/lib/gcc/arm-none-eabi/13.2.1/../../../arm-none-eabi/lib/thumb/v7e-m+fp/hard/libc_nano.a(libc_a-init.o)
                              /usr/lib/gcc/arm-none-eabi/13.2.1/../../../arm-none-eabi/lib/thumb/v7e-m+fp/hard/crt0.o (__libc_init_array)
/usr/lib/gcc/arm-none-eabi/13.2.1/../../../arm-none-eabi/lib/thumb/v7e-m+fp/hard/libc_nano.a(libc_a-memset.o)
                              /usr/lib/gcc/arm-none-eabi/13.2.1/../../../arm-none-eabi/lib/thumb/v7e-m+fp/hard/crt0.o (memset)
/usr/lib/gcc/arm-none-eabi/13.2.1/../../../arm-none-eabi/lib/thumb/v7e-m+fp/hard/libc_nano.a(libc_a-exit.o)
                              /usr/lib/gcc/arm-none-eabi/13.2.1/../../../arm-none-eabi/lib/thumb/v7e-m+fp/hard/crt0.o (exit)
/usr/lib/gcc/arm-none-eabi/13.2.1/../../../arm-none-eabi/lib/thumb/v7e-m+fp/hard/libc_nano.a(libc_a-atexit.o)
                              /usr/lib/gcc/arm-none-eabi/13.2.1/../../../arm-none-eabi/lib/thumb/v7e-m+fp/hard/crt0.o (atexit)
/usr/lib/gcc/arm-none-eabi/13.2.1/../../../arm-none-eabi/lib/thumb/v7e-m+fp/hard/libc_nano.a(libc_a-fini.o)
                              /usr/lib/gcc/arm-none-eabi/13.2.1/../../../arm-none-eabi/lib/thumb/v7e-m+fp/hard/crt0.o (__libc_fini_array)
/usr/lib/gcc/arm-none-eabi/13.2.1/../../../arm-none-eabi/lib/thumb/v7e-m+fp/hard/libc_nano.a(libc_a-findfp.o)
                              /usr/lib/gcc/arm-none-eabi/13.2.1/../../../arm-none-eabi/lib/thumb/v7e-m+fp/hard/libc_nano.a(libc_a-exit.o) (__stdio_exit_handler)
/usr/lib/gcc/arm-none-eabi/13.2.1/../../../arm-none-eabi/lib/thumb/v7e-m+fp/hard/libc_nano.a(libc_a-fflush.o)
                              /usr/lib/gcc/arm-none-eabi/13.2.1/../../../arm-none-eabi/lib/thumb/v7e-m+fp/hard/libc_nano.a(libc_a-findfp.o) (_fflush_r)
/usr/lib/gcc/arm-none-eabi/13.2.1/../../../arm-none-eabi/lib/thumb/v7e-m+fp/hard/libc_nano.a(libc_a-mallocr.o)
                              /usr/lib/gcc/arm-none-eabi/13.2.1/../../../arm-none-eabi/lib/thumb/v7e-m+fp/hard/libc_nano.a(libc_a-findfp.o) (_malloc_r)
/usr/lib/gcc/arm-none-eabi/13.2.1/../../../arm-none-eabi/lib/thumb/v7e-m+fp/hard/libc_nano.a(libc_a-freer.o)
                              /usr/lib/gcc/arm-none-eabi/13.2.1/../../../arm-none-eabi/lib/thumb/v7e-m+fp/hard/libc_nano.a(libc_a-fflush.o) (_free_r)
/usr/lib/gcc/arm-none-eabi/13.2.1/../../../arm-none-eabi/lib/thumb/v7e-m+fp/hard/libc_nano.a(libc_a-fwalk.o)
                              /usr/lib/gcc/arm-none-eabi/13.2.1/../../../arm-none-eabi/lib/thumb/v7e-m+fp/hard/libc_nano.a(libc_a-findfp.o) (_fwalk_sglue)
/usr/lib/gcc/arm-none-eabi/13.2.1/../../../arm-none-eabi/lib/thumb/v7e-m+fp/hard/libc_nano.a(libc_a-__atexit.o)
                              /usr/lib/gcc/arm-none-eabi/13.2.1/../../../arm-none-eabi/lib/thumb/v7e-m+fp/hard/libc_nano.a(libc_a-atexit.o) (__register_exitproc)
/usr/lib/gcc/arm-none-eabi/13.2.1/../../../arm-none-eabi/lib/thumb/v7e-m+fp/hard/libc_nano.a(libc_a-mlock.o)
                              /usr/lib/gcc/arm-none-eabi/13.2.1/../../../arm-none-eabi/lib/thumb/v7e-m+fp/hard/libc_nano.a(libc_a-mallocr.o) (__malloc_lock)
/usr/lib/gcc/arm-none-eabi/13.2.1/../../../arm-none-eabi/lib/thumb/v7e-m+fp/hard/libc_nano.a(libc_a-sbrkr.o)
                              /usr/lib/gcc/arm-none-eabi/13.2.1/../../../arm-none-eabi/lib/thumb/v7e-m+fp/hard/libc_nano.a(libc_a-mallocr.o) (_sbrk_r)
/usr/lib/gcc/arm-none-eabi/13.2.1/../../../arm-none-eabi/lib/thumb/v7e-m+fp/hard/libc_nano.a(libc_a-stdio.o)
                              /usr/lib/gcc/arm-none-eabi/13.2.1/../../../arm-none-eabi/lib/thumb/v7e-m+fp/hard/libc_nano.a(libc_a-findfp.o) (__sread)
/usr/lib/gcc/arm-none-eabi/13.2.1/../../../arm-none-eabi/lib/thumb/v7e-m+fp/hard/libc_nano.a(libc_a-impure.o)
                              /usr/lib/gcc/arm-none-eabi/13.2.1/../../../arm-none-eabi/lib/thumb/v7e-m+fp/hard/libc_nano.a(libc_a-fflush.o) (_impure_ptr)
/usr/lib/gcc/arm-none-eabi/13.2.1/../../../arm-none-eabi/lib/thumb/v7e-m+fp/hard/libc_nano.a(libc_a-closer.o)
                              /usr/lib/gcc/arm-none-eabi/13.2.1/../../../arm-none-eabi/lib/thumb/v7e-m+fp/hard/libc_nano.a(libc_a-stdio.o) (_close_r)
/usr/lib/gcc/arm-none-eabi/13.2.1/../../../arm-none-eabi/lib/thumb/v7e-m+fp/hard/libc_nano.a(libc_a-__call_atexit.o)
                              /usr/lib/gcc/arm-none-eabi/13.2.1/../../../arm-none-eabi/lib/thumb/v7e-m+fp/hard/libc_nano.a(libc_a-__atexit.o) (__call_exitprocs)
/usr/lib/gcc/arm-none-eabi/13.2.1/../../../arm-none-eabi/lib/thumb/v7e-m+fp/hard/libc_nano.a(libc_a-readr.o)
                              /usr/lib/gcc/arm-none-eabi/13.2.1/../../../arm-none-eabi/lib/thumb/v7e-m+fp/hard/libc_nano.a(libc_a-stdio.o) (_read_r)
/usr/lib/gcc/arm-none-eabi/13.2.1/../../../arm-none-eabi/lib/thumb/v7e-m+fp/hard/libc_nano.a(libc_a-reent.o)
                              /usr/lib/gcc/arm-none-eabi/13.2.1/../../../arm-none-eabi/lib/thumb/v7e-m+fp/hard/libc_nano.a(libc_a-sbrkr.o) (errno)
[...]
Memory Configuration

Name             Origin             Length             Attributes
RAM              0x20000000         0x00030000         xrw
CCMRAM           0x10000000         0x00010000         xrw
FLASH            0x08000000         0x00200000         xr
*default*        0x00000000         0xffffffff

Linker script and memory map

LOAD /usr/lib/gcc/arm-none-eabi/13.2.1/thumb/v7e-m+fp/hard/crti.o
LOAD /usr/lib/gcc/arm-none-eabi/13.2.1/thumb/v7e-m+fp/hard/crtbegin.o
LOAD /usr/lib/gcc/arm-none-eabi/13.2.1/../../../arm-none-eabi/lib/thumb/v7e-m+fp/hard/crt0.o
START GROUP
LOAD /usr/lib/gcc/arm-none-eabi/13.2.1/../../../arm-none-eabi/lib/thumb/v7e-m+fp/hard/libc_nano.a
LOAD /usr/lib/gcc/arm-none-eabi/13.2.1/../../../arm-none-eabi/lib/thumb/v7e-m+fp/hard/libm.a
END GROUP
LOAD CMakeFiles/LCD_i2c.dir/Core/Src/lcd.c.obj
LOAD CMakeFiles/LCD_i2c.dir/Core/Src/main.c.obj
LOAD CMakeFiles/LCD_i2c.dir/Core/Src/gpio.c.obj
LOAD CMakeFiles/LCD_i2c.dir/Core/Src/i2c.c.obj
LOAD CMakeFiles/LCD_i2c.dir/Core/Src/tim.c.obj
LOAD CMakeFiles/LCD_i2c.dir/Core/Src/stm32f4xx_it.c.obj
LOAD CMakeFiles/LCD_i2c.dir/Core/Src/stm32f4xx_hal_msp.c.obj
LOAD CMakeFiles/LCD_i2c.dir/Drivers/STM32F4xx_HAL_Driver/Src/stm32f4xx_hal_i2c.c.obj
LOAD CMakeFiles/LCD_i2c.dir/Drivers/STM32F4xx_HAL_Driver/Src/stm32f4xx_hal_i2c_ex.c.obj
LOAD CMakeFiles/LCD_i2c.dir/Drivers/STM32F4xx_HAL_Driver/Src/stm32f4xx_hal_rcc.c.obj
LOAD CMakeFiles/LCD_i2c.dir/Drivers/STM32F4xx_HAL_Driver/Src/stm32f4xx_hal_rcc_ex.c.obj
LOAD CMakeFiles/LCD_i2c.dir/Drivers/STM32F4xx_HAL_Driver/Src/stm32f4xx_hal_flash.c.obj
LOAD CMakeFiles/LCD_i2c.dir/Drivers/STM32F4xx_HAL_Driver/Src/stm32f4xx_hal_flash_ex.c.obj
LOAD CMakeFiles/LCD_i2c.dir/Drivers/STM32F4xx_HAL_Driver/Src/stm32f4xx_hal_flash_ramfunc.c.obj
LOAD CMakeFiles/LCD_i2c.dir/Drivers/STM32F4xx_HAL_Driver/Src/stm32f4xx_hal_gpio.c.obj
LOAD CMakeFiles/LCD_i2c.dir/Drivers/STM32F4xx_HAL_Driver/Src/stm32f4xx_hal_dma_ex.c.obj
LOAD CMakeFiles/LCD_i2c.dir/Drivers/STM32F4xx_HAL_Driver/Src/stm32f4xx_hal_dma.c.obj
LOAD CMakeFiles/LCD_i2c.dir/Drivers/STM32F4xx_HAL_Driver/Src/stm32f4xx_hal_pwr.c.obj
LOAD CMakeFiles/LCD_i2c.dir/Drivers/STM32F4xx_HAL_Driver/Src/stm32f4xx_hal_pwr_ex.c.obj
LOAD CMakeFiles/LCD_i2c.dir/Drivers/STM32F4xx_HAL_Driver/Src/stm32f4xx_hal_cortex.c.obj
LOAD CMakeFiles/LCD_i2c.dir/Drivers/STM32F4xx_HAL_Driver/Src/stm32f4xx_hal.c.obj
LOAD CMakeFiles/LCD_i2c.dir/Drivers/STM32F4xx_HAL_Driver/Src/stm32f4xx_hal_exti.c.obj
LOAD CMakeFiles/LCD_i2c.dir/Drivers/STM32F4xx_HAL_Driver/Src/stm32f4xx_hal_tim.c.obj
LOAD CMakeFiles/LCD_i2c.dir/Drivers/STM32F4xx_HAL_Driver/Src/stm32f4xx_hal_tim_ex.c.obj
LOAD CMakeFiles/LCD_i2c.dir/Core/Src/system_stm32f4xx.c.obj
LOAD CMakeFiles/LCD_i2c.dir/Core/Src/sysmem.c.obj
LOAD CMakeFiles/LCD_i2c.dir/Core/Src/syscalls.c.obj
LOAD CMakeFiles/LCD_i2c.dir/startup_stm32f429xx.s.obj
START GROUP
LOAD /usr/lib/gcc/arm-none-eabi/13.2.1/thumb/v7e-m+fp/hard/libgcc.a
LOAD /usr/lib/gcc/arm-none-eabi/13.2.1/../../../arm-none-eabi/lib/thumb/v7e-m+fp/hard/libg_nano.a
LOAD /usr/lib/gcc/arm-none-eabi/13.2.1/../../../arm-none-eabi/lib/thumb/v7e-m+fp/hard/libc_nano.a
END GROUP
START GROUP
LOAD /usr/lib/gcc/arm-none-eabi/13.2.1/thumb/v7e-m+fp/hard/libgcc.a
LOAD /usr/lib/gcc/arm-none-eabi/13.2.1/../../../arm-none-eabi/lib/thumb/v7e-m+fp/hard/libc_nano.a
END GROUP
LOAD /usr/lib/gcc/arm-none-eabi/13.2.1/thumb/v7e-m+fp/hard/crtend.o
LOAD /usr/lib/gcc/arm-none-eabi/13.2.1/thumb/v7e-m+fp/hard/crtn.o
                0x20030000                        _estack = (ORIGIN (RAM) + LENGTH (RAM))
                0x00000200                        _Min_Heap_Size = 0x200
                0x00000400                        _Min_Stack_Size = 0x400

.isr_vector     0x08000000      0x1ac
                0x08000000                        . = ALIGN (0x4)
 *(.isr_vector)
 .isr_vector    0x08000000      0x1ac CMakeFiles/LCD_i2c.dir/startup_stm32f429xx.s.obj
                0x08000000                g_pfnVectors
                0x080001ac                        . = ALIGN (0x4)

.text           0x080001ac     0x2e08
                0x080001ac                        . = ALIGN (0x4)
 *(.text)
 .text          0x080001ac       0x88 /usr/lib/gcc/arm-none-eabi/13.2.1/thumb/v7e-m+fp/hard/crtbegin.o
 .text          0x08000234       0x50 /usr/lib/gcc/arm-none-eabi/13.2.1/../../../arm-none-eabi/lib/thumb/v7e-m+fp/hard/libc_nano.a(libc_a-init.o)
                0x08000234                __libc_init_array
 .text          0x08000284       0xa4 /usr/lib/gcc/arm-none-eabi/13.2.1/../../../arm-none-eabi/lib/thumb/v7e-m+fp/hard/libc_nano.a(libc_a-memset.o)
                0x08000284                memset
 .text          0x08000328       0x30 /usr/lib/gcc/arm-none-eabi/13.2.1/thumb/v7e-m+fp/hard/libgcc.a(_aeabi_uldivmod.o)
                0x08000328                __aeabi_uldivmod
 .text          0x08000358      0x2bc /usr/lib/gcc/arm-none-eabi/13.2.1/thumb/v7e-m+fp/hard/libgcc.a(_udivmoddi4.o)
                0x08000358                __udivmoddi4
 .text          0x08000614        0x4 /usr/lib/gcc/arm-none-eabi/13.2.1/thumb/v7e-m+fp/hard/libgcc.a(_dvmd_tls.o)
                0x08000614                __aeabi_ldiv0
                0x08000614                __aeabi_idiv0
 *(.text*)
 .text.LCDInit  0x08000618       0x4a CMakeFiles/LCD_i2c.dir/Core/Src/lcd.c.obj
                0x08000618                LCDInit
 *fill*         0x08000662        0x2 
 .text.LCDSendCommand
                0x08000664       0x80 CMakeFiles/LCD_i2c.dir/Core/Src/lcd.c.obj
                0x08000664                LCDSendCommand
 .text.LCDSendData
                0x080006e4       0x80 CMakeFiles/LCD_i2c.dir/Core/Src/lcd.c.obj
                0x080006e4                LCDSendData
 .text.LCDSendString
                0x08000764       0x94 CMakeFiles/LCD_i2c.dir/Core/Src/lcd.c.obj
                0x08000764                LCDSendString
 .text.main     0x080007f8       0x34 CMakeFiles/LCD_i2c.dir/Core/Src/main.c.obj
                0x080007f8                main
 .text.SystemClock_Config
                0x0800082c       0xd8 CMakeFiles/LCD_i2c.dir/Core/Src/main.c.obj
                0x0800082c                SystemClock_Config
 .text.Error_Handler
                0x08000904        0xc CMakeFiles/LCD_i2c.dir/Core/Src/main.c.obj
                0x08000904                Error_Handler
 .text.MX_GPIO_Init
                0x08000910       0x6c CMakeFiles/LCD_i2c.dir/Core/Src/gpio.c.obj
                0x08000910                MX_GPIO_Init
 .text.MX_I2C1_Init
                0x0800097c       0x80 CMakeFiles/LCD_i2c.dir/Core/Src/i2c.c.obj
                0x0800097c                MX_I2C1_Init
 .text.HAL_I2C_MspInit
                0x080009fc       0x90 CMakeFiles/LCD_i2c.dir/Core/Src/i2c.c.obj
                0x080009fc                HAL_I2C_MspInit
 .text.MX_TIM3_Init
                0x08000a8c       0x9c CMakeFiles/LCD_i2c.dir/Core/Src/tim.c.obj
                0x08000a8c                MX_TIM3_Init
 .text.MX_TIM4_Init
                0x08000b28       0x9c CMakeFiles/LCD_i2c.dir/Core/Src/tim.c.obj
                0x08000b28                MX_TIM4_Init
 .text.HAL_TIM_Base_MspInit
                0x08000bc4       0x8c CMakeFiles/LCD_i2c.dir/Core/Src/tim.c.obj
                0x08000bc4                HAL_TIM_Base_MspInit
 .text.NMI_Handler
                0x08000c50        0x8 CMakeFiles/LCD_i2c.dir/Core/Src/stm32f4xx_it.c.obj
                0x08000c50                NMI_Handler
 .text.HardFault_Handler
                0x08000c58        0x8 CMakeFiles/LCD_i2c.dir/Core/Src/stm32f4xx_it.c.obj
                0x08000c58                HardFault_Handler
 .text.MemManage_Handler
                0x08000c60        0x8 CMakeFiles/LCD_i2c.dir/Core/Src/stm32f4xx_it.c.obj
                0x08000c60                MemManage_Handler
 .text.BusFault_Handler
                0x08000c68        0x8 CMakeFiles/LCD_i2c.dir/Core/Src/stm32f4xx_it.c.obj
                0x08000c68                BusFault_Handler
 .text.UsageFault_Handler
                0x08000c70        0x8 CMakeFiles/LCD_i2c.dir/Core/Src/stm32f4xx_it.c.obj
                0x08000c70                UsageFault_Handler
 .text.SVC_Handler
                0x08000c78        0xe CMakeFiles/LCD_i2c.dir/Core/Src/stm32f4xx_it.c.obj
                0x08000c78                SVC_Handler
 .text.DebugMon_Handler
                0x08000c86        0xe CMakeFiles/LCD_i2c.dir/Core/Src/stm32f4xx_it.c.obj
                0x08000c86                DebugMon_Handler
 .text.PendSV_Handler
                0x08000c94        0xe CMakeFiles/LCD_i2c.dir/Core/Src/stm32f4xx_it.c.obj
                0x08000c94                PendSV_Handler
 .text.SysTick_Handler
                0x08000ca2        0xc CMakeFiles/LCD_i2c.dir/Core/Src/stm32f4xx_it.c.obj
                0x08000ca2                SysTick_Handler
 *fill*         0x08000cae        0x2 
 .text.TIM3_IRQHandler
                0x08000cb0       0x14 CMakeFiles/LCD_i2c.dir/Core/Src/stm32f4xx_it.c.obj
                0x08000cb0                TIM3_IRQHandler
 .text.TIM4_IRQHandler
                0x08000cc4       0x14 CMakeFiles/LCD_i2c.dir/Core/Src/stm32f4xx_it.c.obj
                0x08000cc4                TIM4_IRQHandler
 .text.HAL_MspInit
                0x08000cd8       0x50 CMakeFiles/LCD_i2c.dir/Core/Src/stm32f4xx_hal_msp.c.obj
                0x08000cd8                HAL_MspInit
 .text.HAL_I2C_Init
                0x08000d28      0x288 CMakeFiles/LCD_i2c.dir/Drivers/STM32F4xx_HAL_Driver/Src/stm32f4xx_hal_i2c.c.obj
                0x08000d28                HAL_I2C_Init
 .text.HAL_I2C_Master_Transmit
                0x08000fb0      0x1fc CMakeFiles/LCD_i2c.dir/Drivers/STM32F4xx_HAL_Driver/Src/stm32f4xx_hal_i2c.c.obj
                0x08000fb0                HAL_I2C_Master_Transmit
 .text.I2C_MasterRequestWrite
                0x080011ac      0x104 CMakeFiles/LCD_i2c.dir/Drivers/STM32F4xx_HAL_Driver/Src/stm32f4xx_hal_i2c.c.obj
 .text.I2C_WaitOnFlagUntilTimeout
                0x080012b0       0xf4 CMakeFiles/LCD_i2c.dir/Drivers/STM32F4xx_HAL_Driver/Src/stm32f4xx_hal_i2c.c.obj
 .text.I2C_WaitOnMasterAddressFlagUntilTimeout
                0x080013a4      0x140 CMakeFiles/LCD_i2c.dir/Drivers/STM32F4xx_HAL_Driver/Src/stm32f4xx_hal_i2c.c.obj
 .text.I2C_WaitOnTXEFlagUntilTimeout
                0x080014e4       0x90 CMakeFiles/LCD_i2c.dir/Drivers/STM32F4xx_HAL_Driver/Src/stm32f4xx_hal_i2c.c.obj
 .text.I2C_WaitOnBTFFlagUntilTimeout
                0x08001574       0x90 CMakeFiles/LCD_i2c.dir/Drivers/STM32F4xx_HAL_Driver/Src/stm32f4xx_hal_i2c.c.obj
 .text.I2C_IsAcknowledgeFailed
                0x08001604       0x5e CMakeFiles/LCD_i2c.dir/Drivers/STM32F4xx_HAL_Driver/Src/stm32f4xx_hal_i2c.c.obj
 .text.HAL_I2CEx_ConfigAnalogFilter
                0x08001662       0x78 CMakeFiles/LCD_i2c.dir/Drivers/STM32F4xx_HAL_Driver/Src/stm32f4xx_hal_i2c_ex.c.obj
                0x08001662                HAL_I2CEx_ConfigAnalogFilter
 .text.HAL_I2CEx_ConfigDigitalFilter
                0x080016da       0x7e CMakeFiles/LCD_i2c.dir/Drivers/STM32F4xx_HAL_Driver/Src/stm32f4xx_hal_i2c_ex.c.obj
                0x080016da                HAL_I2CEx_ConfigDigitalFilter
 .text.HAL_RCC_OscConfig
                0x08001758      0x4f0 CMakeFiles/LCD_i2c.dir/Drivers/STM32F4xx_HAL_Driver/Src/stm32f4xx_hal_rcc.c.obj
                0x08001758                HAL_RCC_OscConfig
 .text.HAL_RCC_ClockConfig
                0x08001c48      0x1cc CMakeFiles/LCD_i2c.dir/Drivers/STM32F4xx_HAL_Driver/Src/stm32f4xx_hal_rcc.c.obj
                0x08001c48                HAL_RCC_ClockConfig
 .text.HAL_RCC_GetSysClockFreq
                0x08001e14      0x20c CMakeFiles/LCD_i2c.dir/Drivers/STM32F4xx_HAL_Driver/Src/stm32f4xx_hal_rcc.c.obj
                0x08001e14                HAL_RCC_GetSysClockFreq
 .text.HAL_RCC_GetHCLKFreq
                0x08002020       0x18 CMakeFiles/LCD_i2c.dir/Drivers/STM32F4xx_HAL_Driver/Src/stm32f4xx_hal_rcc.c.obj
                0x08002020                HAL_RCC_GetHCLKFreq
 .text.HAL_RCC_GetPCLK1Freq
                0x08002038       0x28 CMakeFiles/LCD_i2c.dir/Drivers/STM32F4xx_HAL_Driver/Src/stm32f4xx_hal_rcc.c.obj
                0x08002038                HAL_RCC_GetPCLK1Freq
 .text.HAL_GPIO_Init
                0x08002060      0x358 CMakeFiles/LCD_i2c.dir/Drivers/STM32F4xx_HAL_Driver/Src/stm32f4xx_hal_gpio.c.obj
                0x08002060                HAL_GPIO_Init
 .text.__NVIC_SetPriorityGrouping
                0x080023b8       0x48 CMakeFiles/LCD_i2c.dir/Drivers/STM32F4xx_HAL_Driver/Src/stm32f4xx_hal_cortex.c.obj
 .text.__NVIC_GetPriorityGrouping
                0x08002400       0x1c CMakeFiles/LCD_i2c.dir/Drivers/STM32F4xx_HAL_Driver/Src/stm32f4xx_hal_cortex.c.obj
 .text.__NVIC_EnableIRQ
                0x0800241c       0x3c CMakeFiles/LCD_i2c.dir/Drivers/STM32F4xx_HAL_Driver/Src/stm32f4xx_hal_cortex.c.obj
 .text.__NVIC_SetPriority
                0x08002458       0x54 CMakeFiles/LCD_i2c.dir/Drivers/STM32F4xx_HAL_Driver/Src/stm32f4xx_hal_cortex.c.obj
 .text.NVIC_EncodePriority
                0x080024ac       0x66 CMakeFiles/LCD_i2c.dir/Drivers/STM32F4xx_HAL_Driver/Src/stm32f4xx_hal_cortex.c.obj
 *fill*         0x08002512        0x2 
 .text.SysTick_Config
                0x08002514       0x44 CMakeFiles/LCD_i2c.dir/Drivers/STM32F4xx_HAL_Driver/Src/stm32f4xx_hal_cortex.c.obj
 .text.HAL_NVIC_SetPriorityGrouping
                0x08002558       0x16 CMakeFiles/LCD_i2c.dir/Drivers/STM32F4xx_HAL_Driver/Src/stm32f4xx_hal_cortex.c.obj
                0x08002558                HAL_NVIC_SetPriorityGrouping
 .text.HAL_NVIC_SetPriority
                0x0800256e       0x38 CMakeFiles/LCD_i2c.dir/Drivers/STM32F4xx_HAL_Driver/Src/stm32f4xx_hal_cortex.c.obj
                0x0800256e                HAL_NVIC_SetPriority
 .text.HAL_NVIC_EnableIRQ
                0x080025a6       0x1c CMakeFiles/LCD_i2c.dir/Drivers/STM32F4xx_HAL_Driver/Src/stm32f4xx_hal_cortex.c.obj
                0x080025a6                HAL_NVIC_EnableIRQ
 .text.HAL_SYSTICK_Config
                0x080025c2       0x18 CMakeFiles/LCD_i2c.dir/Drivers/STM32F4xx_HAL_Driver/Src/stm32f4xx_hal_cortex.c.obj
                0x080025c2                HAL_SYSTICK_Config
 *fill*         0x080025da        0x2 
 .text.HAL_Init
                0x080025dc       0x44 CMakeFiles/LCD_i2c.dir/Drivers/STM32F4xx_HAL_Driver/Src/stm32f4xx_hal.c.obj
                0x080025dc                HAL_Init
 .text.HAL_InitTick
                0x08002620       0x60 CMakeFiles/LCD_i2c.dir/Drivers/STM32F4xx_HAL_Driver/Src/stm32f4xx_hal.c.obj
                0x08002620                HAL_InitTick
 .text.HAL_IncTick
                0x08002680       0x28 CMakeFiles/LCD_i2c.dir/Drivers/STM32F4xx_HAL_Driver/Src/stm32f4xx_hal.c.obj
                0x08002680                HAL_IncTick
 .text.HAL_GetTick
                0x080026a8       0x18 CMakeFiles/LCD_i2c.dir/Drivers/STM32F4xx_HAL_Driver/Src/stm32f4xx_hal.c.obj
                0x080026a8                HAL_GetTick
 .text.HAL_Delay
                0x080026c0       0x48 CMakeFiles/LCD_i2c.dir/Drivers/STM32F4xx_HAL_Driver/Src/stm32f4xx_hal.c.obj
                0x080026c0                HAL_Delay
 .text.HAL_TIM_Base_Init
                0x08002708       0x9e CMakeFiles/LCD_i2c.dir/Drivers/STM32F4xx_HAL_Driver/Src/stm32f4xx_hal_tim.c.obj
                0x08002708                HAL_TIM_Base_Init
 .text.HAL_TIM_IRQHandler
                0x080027a6      0x1e0 CMakeFiles/LCD_i2c.dir/Drivers/STM32F4xx_HAL_Driver/Src/stm32f4xx_hal_tim.c.obj
                0x080027a6                HAL_TIM_IRQHandler
 .text.HAL_TIM_ConfigClockSource
                0x08002986      0x18e CMakeFiles/LCD_i2c.dir/Drivers/STM32F4xx_HAL_Driver/Src/stm32f4xx_hal_tim.c.obj
                0x08002986                HAL_TIM_ConfigClockSource
 .text.HAL_TIM_PeriodElapsedCallback
                0x08002b14       0x14 CMakeFiles/LCD_i2c.dir/Drivers/STM32F4xx_HAL_Driver/Src/stm32f4xx_hal_tim.c.obj
                0x08002b14                HAL_TIM_PeriodElapsedCallback
 .text.HAL_TIM_OC_DelayElapsedCallback
                0x08002b28       0x14 CMakeFiles/LCD_i2c.dir/Drivers/STM32F4xx_HAL_Driver/Src/stm32f4xx_hal_tim.c.obj
                0x08002b28                HAL_TIM_OC_DelayElapsedCallback
 .text.HAL_TIM_IC_CaptureCallback
                0x08002b3c       0x14 CMakeFiles/LCD_i2c.dir/Drivers/STM32F4xx_HAL_Driver/Src/stm32f4xx_hal_tim.c.obj
                0x08002b3c                HAL_TIM_IC_CaptureCallback
 .text.HAL_TIM_PWM_PulseFinishedCallback
                0x08002b50       0x14 CMakeFiles/LCD_i2c.dir/Drivers/STM32F4xx_HAL_Driver/Src/stm32f4xx_hal_tim.c.obj
                0x08002b50                HAL_TIM_PWM_PulseFinishedCallback
 .text.HAL_TIM_TriggerCallback
                0x08002b64       0x14 CMakeFiles/LCD_i2c.dir/Drivers/STM32F4xx_HAL_Driver/Src/stm32f4xx_hal_tim.c.obj
                0x08002b64                HAL_TIM_TriggerCallback
 .text.TIM_Base_SetConfig
                0x08002b78      0x158 CMakeFiles/LCD_i2c.dir/Drivers/STM32F4xx_HAL_Driver/Src/stm32f4xx_hal_tim.c.obj
                0x08002b78                TIM_Base_SetConfig
 .text.TIM_TI1_ConfigInputStage
                0x08002cd0       0x5e CMakeFiles/LCD_i2c.dir/Drivers/STM32F4xx_HAL_Driver/Src/stm32f4xx_hal_tim.c.obj
 .text.TIM_TI2_ConfigInputStage
                0x08002d2e       0x60 CMakeFiles/LCD_i2c.dir/Drivers/STM32F4xx_HAL_Driver/Src/stm32f4xx_hal_tim.c.obj
 .text.TIM_ITRx_SetConfig
                0x08002d8e       0x36 CMakeFiles/LCD_i2c.dir/Drivers/STM32F4xx_HAL_Driver/Src/stm32f4xx_hal_tim.c.obj
 .text.TIM_ETR_SetConfig
                0x08002dc4       0x40 CMakeFiles/LCD_i2c.dir/Drivers/STM32F4xx_HAL_Driver/Src/stm32f4xx_hal_tim.c.obj
                0x08002dc4                TIM_ETR_SetConfig
 .text.HAL_TIMEx_MasterConfigSynchronization
                0x08002e04       0xf8 CMakeFiles/LCD_i2c.dir/Drivers/STM32F4xx_HAL_Driver/Src/stm32f4xx_hal_tim_ex.c.obj
                0x08002e04                HAL_TIMEx_MasterConfigSynchronization
 .text.HAL_TIMEx_CommutCallback
                0x08002efc       0x14 CMakeFiles/LCD_i2c.dir/Drivers/STM32F4xx_HAL_Driver/Src/stm32f4xx_hal_tim_ex.c.obj
                0x08002efc                HAL_TIMEx_CommutCallback
 .text.HAL_TIMEx_BreakCallback
                0x08002f10       0x14 CMakeFiles/LCD_i2c.dir/Drivers/STM32F4xx_HAL_Driver/Src/stm32f4xx_hal_tim_ex.c.obj
                0x08002f10                HAL_TIMEx_BreakCallback
 .text.SystemInit
                0x08002f24       0x24 CMakeFiles/LCD_i2c.dir/Core/Src/system_stm32f4xx.c.obj
                0x08002f24                SystemInit
 .text.Reset_Handler
                0x08002f48       0x50 CMakeFiles/LCD_i2c.dir/startup_stm32f429xx.s.obj
                0x08002f48                Reset_Handler
 .text.Default_Handler
                0x08002f98        0x2 CMakeFiles/LCD_i2c.dir/startup_stm32f429xx.s.obj
                0x08002f98                RTC_Alarm_IRQHandler
                0x08002f98                HASH_RNG_IRQHandler
                0x08002f98                EXTI2_IRQHandler
                0x08002f98                TIM8_CC_IRQHandler
                0x08002f98                UART8_IRQHandler
                0x08002f98                SPI4_IRQHandler
                0x08002f98                TIM1_CC_IRQHandler
                0x08002f98                DMA2_Stream5_IRQHandler
                0x08002f98                DMA1_Stream5_IRQHandler
                0x08002f98                PVD_IRQHandler
                0x08002f98                SDIO_IRQHandler
                0x08002f98                TAMP_STAMP_IRQHandler
                0x08002f98                CAN2_RX1_IRQHandler
                0x08002f98                EXTI3_IRQHandler
                0x08002f98                TIM8_TRG_COM_TIM14_IRQHandler
                0x08002f98                TIM1_UP_TIM10_IRQHandler
                0x08002f98                TIM8_UP_TIM13_IRQHandler
                0x08002f98                I2C3_ER_IRQHandler
                0x08002f98                EXTI0_IRQHandler
                0x08002f98                I2C2_EV_IRQHandler
                0x08002f98                DMA1_Stream2_IRQHandler
                0x08002f98                CAN1_RX0_IRQHandler
                0x08002f98                FPU_IRQHandler
                0x08002f98                OTG_HS_WKUP_IRQHandler
                0x08002f98                LTDC_ER_IRQHandler
                0x08002f98                CAN2_SCE_IRQHandler
                0x08002f98                DMA2_Stream2_IRQHandler
                0x08002f98                SPI1_IRQHandler
                0x08002f98                TIM6_DAC_IRQHandler
                0x08002f98                TIM1_BRK_TIM9_IRQHandler
                0x08002f98                DCMI_IRQHandler
                0x08002f98                CAN2_RX0_IRQHandler
                0x08002f98                DMA2_Stream3_IRQHandler
                0x08002f98                USART6_IRQHandler
                0x08002f98                USART3_IRQHandler
                0x08002f98                CAN1_RX1_IRQHandler
                0x08002f98                UART5_IRQHandler
                0x08002f98                DMA2_Stream0_IRQHandler
                0x08002f98                I2C1_EV_IRQHandler
                0x08002f98                DMA1_Stream6_IRQHandler
                0x08002f98                DMA1_Stream1_IRQHandler
                0x08002f98                UART4_IRQHandler
                0x08002f98                RCC_IRQHandler
                0x08002f98                TIM8_BRK_TIM12_IRQHandler
                0x08002f98                Default_Handler
                0x08002f98                EXTI15_10_IRQHandler
                0x08002f98                ADC_IRQHandler
                0x08002f98                DMA1_Stream7_IRQHandler
                0x08002f98                SPI5_IRQHandler
                0x08002f98                TIM7_IRQHandler
                0x08002f98                CAN2_TX_IRQHandler
                0x08002f98                TIM5_IRQHandler
                0x08002f98                DMA2_Stream7_IRQHandler
                0x08002f98                I2C3_EV_IRQHandler
                0x08002f98                EXTI9_5_IRQHandler
                0x08002f98                RTC_WKUP_IRQHandler
                0x08002f98                LTDC_IRQHandler
                0x08002f98                ETH_WKUP_IRQHandler
                0x08002f98                SPI2_IRQHandler
                0x08002f98                OTG_HS_EP1_IN_IRQHandler
                0x08002f98                DMA1_Stream0_IRQHandler
                0x08002f98                CAN1_TX_IRQHandler
                0x08002f98                EXTI4_IRQHandler
                0x08002f98                ETH_IRQHandler
                0x08002f98                OTG_HS_EP1_OUT_IRQHandler
                0x08002f98                WWDG_IRQHandler
                0x08002f98                SPI6_IRQHandler
                0x08002f98                TIM2_IRQHandler
                0x08002f98                OTG_FS_WKUP_IRQHandler
                0x08002f98                TIM1_TRG_COM_TIM11_IRQHandler
                0x08002f98                OTG_HS_IRQHandler
                0x08002f98                DMA2D_IRQHandler
                0x08002f98                EXTI1_IRQHandler
                0x08002f98                UART7_IRQHandler
                0x08002f98                USART2_IRQHandler
                0x08002f98                I2C2_ER_IRQHandler
                0x08002f98                DMA2_Stream1_IRQHandler
                0x08002f98                CAN1_SCE_IRQHandler
                0x08002f98                FLASH_IRQHandler
                0x08002f98                DMA2_Stream4_IRQHandler
                0x08002f98                USART1_IRQHandler
                0x08002f98                OTG_FS_IRQHandler
                0x08002f98                SPI3_IRQHandler
                0x08002f98                DMA1_Stream4_IRQHandler
                0x08002f98                I2C1_ER_IRQHandler
                0x08002f98                FMC_IRQHandler
                0x08002f98                DMA2_Stream6_IRQHandler
                0x08002f98                SAI1_IRQHandler
                0x08002f98                DMA1_Stream3_IRQHandler
 *(.glue_7)
 .glue_7        0x08002f9a        0x0 linker stubs
 *(.glue_7t)
 .glue_7t       0x08002f9a        0x0 linker stubs
 *(.eh_frame)
 *fill*         0x08002f9a        0x2 
 .eh_frame      0x08002f9c        0x0 /usr/lib/gcc/arm-none-eabi/13.2.1/thumb/v7e-m+fp/hard/crtbegin.o
 *(.init)
 .init          0x08002f9c        0x4 /usr/lib/gcc/arm-none-eabi/13.2.1/thumb/v7e-m+fp/hard/crti.o
                0x08002f9c                _init
 .init          0x08002fa0        0x8 /usr/lib/gcc/arm-none-eabi/13.2.1/thumb/v7e-m+fp/hard/crtn.o
 *(.fini)
 .fini          0x08002fa8        0x4 /usr/lib/gcc/arm-none-eabi/13.2.1/thumb/v7e-m+fp/hard/crti.o
                0x08002fa8                _fini
 .fini          0x08002fac        0x8 /usr/lib/gcc/arm-none-eabi/13.2.1/thumb/v7e-m+fp/hard/crtn.o
                0x08002fb4                        . = ALIGN (0x4)
                0x08002fb4                        _etext = .

.vfp11_veneer   0x08002fb4        0x0
 .vfp11_veneer  0x08002fb4        0x0 linker stubs

.v4_bx          0x08002fb4        0x0
 .v4_bx         0x08002fb4        0x0 linker stubs

.iplt           0x08002fb4        0x0
 .iplt          0x08002fb4        0x0 /usr/lib/gcc/arm-none-eabi/13.2.1/thumb/v7e-m+fp/hard/crtbegin.o

.rodata         0x08002fb4       0x20
                0x08002fb4                        . = ALIGN (0x4)
 *(.rodata)
 .rodata        0x08002fb4        0x5 CMakeFiles/LCD_i2c.dir/Core/Src/main.c.obj
 *(.rodata*)
 *fill*         0x08002fb9        0x3 
 .rodata.AHBPrescTable
                0x08002fbc       0x10 CMakeFiles/LCD_i2c.dir/Core/Src/system_stm32f4xx.c.obj
                0x08002fbc                AHBPrescTable
 .rodata.APBPrescTable
                0x08002fcc        0x8 CMakeFiles/LCD_i2c.dir/Core/Src/system_stm32f4xx.c.obj
                0x08002fcc                APBPrescTable
                0x08002fd4                        . = ALIGN (0x4)

.ARM.extab
 *(.ARM.extab* .gnu.linkonce.armextab.*)

.ARM            0x08002fd4        0x8
                0x08002fd4                        __exidx_start = .
 *(.ARM.exidx*)
 .ARM.exidx     0x08002fd4        0x8 /usr/lib/gcc/arm-none-eabi/13.2.1/thumb/v7e-m+fp/hard/libgcc.a(_udivmoddi4.o)
                0x08002fdc                        __exidx_end = .

.rel.dyn        0x08002fdc        0x0
 .rel.iplt      0x08002fdc        0x0 /usr/lib/gcc/arm-none-eabi/13.2.1/thumb/v7e-m+fp/hard/crtbegin.o

.preinit_array  0x08002fdc        0x0
                0x08002fdc                        PROVIDE (__preinit_array_start = .)
 *(.preinit_array*)
                0x08002fdc                        PROVIDE (__preinit_array_end = .)

.init_array     0x08002fdc        0x4
                0x08002fdc                        PROVIDE (__init_array_start = .)
 *(SORT_BY_NAME(.init_array.*))
 *(.init_array*)
 .init_array    0x08002fdc        0x4 /usr/lib/gcc/arm-none-eabi/13.2.1/thumb/v7e-m+fp/hard/crtbegin.o
                0x08002fe0                        PROVIDE (__init_array_end = .)

.fini_array     0x08002fe0        0x4
                0x08002fe0                        PROVIDE (__fini_array_start = .)
 *(SORT_BY_NAME(.fini_array.*))
 *(.fini_array*)
 .fini_array    0x08002fe0        0x4 /usr/lib/gcc/arm-none-eabi/13.2.1/thumb/v7e-m+fp/hard/crtbegin.o
                0x08002fe4                        PROVIDE (__fini_array_end = .)
                0x08002fe4                        _sidata = LOADADDR (.data)

.data           0x20000000        0xc load address 0x08002fe4
                0x20000000                        . = ALIGN (0x4)
                0x20000000                        _sdata = .
 *(.data)
 *(.data*)
 .data.uwTickPrio
                0x20000000        0x4 CMakeFiles/LCD_i2c.dir/Drivers/STM32F4xx_HAL_Driver/Src/stm32f4xx_hal.c.obj
                0x20000000                uwTickPrio
 .data.uwTickFreq
                0x20000004        0x1 CMakeFiles/LCD_i2c.dir/Drivers/STM32F4xx_HAL_Driver/Src/stm32f4xx_hal.c.obj
                0x20000004                uwTickFreq
 *fill*         0x20000005        0x3 
 .data.SystemCoreClock
                0x20000008        0x4 CMakeFiles/LCD_i2c.dir/Core/Src/system_stm32f4xx.c.obj
                0x20000008                SystemCoreClock
                0x2000000c                        . = ALIGN (0x4)
                0x2000000c                        _edata = .
                0x08002ff0                        _siccmram = LOADADDR (.ccmram)

.tm_clone_table
                0x2000000c        0x0 load address 0x08002ff0
 .tm_clone_table
                0x2000000c        0x0 /usr/lib/gcc/arm-none-eabi/13.2.1/thumb/v7e-m+fp/hard/crtbegin.o
 .tm_clone_table
                0x2000000c        0x0 /usr/lib/gcc/arm-none-eabi/13.2.1/thumb/v7e-m+fp/hard/crtend.o

.igot.plt       0x2000000c        0x0 load address 0x08002ff0
 .igot.plt      0x2000000c        0x0 /usr/lib/gcc/arm-none-eabi/13.2.1/thumb/v7e-m+fp/hard/crtbegin.o

.ccmram         0x10000000        0x0 load address 0x08002ff0
                0x10000000                        . = ALIGN (0x4)
                0x10000000                        _sccmram = .
 *(.ccmram)
 *(.ccmram*)
                0x10000000                        . = ALIGN (0x4)
                0x10000000                        _eccmram = .
                0x10000000                        . = ALIGN (0x4)

.bss            0x2000000c      0x104
                0x2000000c                        _sbss = .
                0x2000000c                        __bss_start__ = _sbss
 *(.bss)
 .bss           0x2000000c       0x1c /usr/lib/gcc/arm-none-eabi/13.2.1/thumb/v7e-m+fp/hard/crtbegin.o
 *(.bss*)
 .bss.hi2c1     0x20000028       0x54 CMakeFiles/LCD_i2c.dir/Core/Src/i2c.c.obj
                0x20000028                hi2c1
 .bss.htim3     0x2000007c       0x48 CMakeFiles/LCD_i2c.dir/Core/Src/tim.c.obj
                0x2000007c                htim3
 .bss.htim4     0x200000c4       0x48 CMakeFiles/LCD_i2c.dir/Core/Src/tim.c.obj
                0x200000c4                htim4
 .bss.uwTick    0x2000010c        0x4 CMakeFiles/LCD_i2c.dir/Drivers/STM32F4xx_HAL_Driver/Src/stm32f4xx_hal.c.obj
                0x2000010c                uwTick
 *(COMMON)
                0x20000110                        . = ALIGN (0x4)
                0x20000110                        _ebss = .
                0x20000110                        __bss_end__ = _ebss

._user_heap_stack
                0x20000110      0x600
                0x20000110                        . = ALIGN (0x8)
                [!provide]                        PROVIDE (end = .)
                0x20000110                        PROVIDE (_end = .)
                0x20000310                        . = (. + _Min_Heap_Size)
 *fill*         0x20000110      0x200 
                0x20000710                        . = (. + _Min_Stack_Size)
 *fill*         0x20000310      0x400 
                0x20000710                        . = ALIGN (0x8)

/DISCARD/
 libc.a(*)
 libm.a(*)
 libgcc.a(*)
OUTPUT(LCD_i2c.elf elf32-littlearm)
LOAD linker stubs
LOAD /usr/lib/gcc/arm-none-eabi/13.2.1/../../../arm-none-eabi/lib/thumb/v7e-m+fp/hard/libc.a
LOAD /usr/lib/gcc/arm-none-eabi/13.2.1/../../../arm-none-eabi/lib/thumb/v7e-m+fp/hard/libm.a
LOAD /usr/lib/gcc/arm-none-eabi/13.2.1/thumb/v7e-m+fp/hard/libgcc.a

.ARM.attributes
                0x00000000       0x30
 .ARM.attributes
                0x00000000       0x22 /usr/lib/gcc/arm-none-eabi/13.2.1/thumb/v7e-m+fp/hard/crti.o
 .ARM.attributes
                0x00000022       0x34 /usr/lib/gcc/arm-none-eabi/13.2.1/thumb/v7e-m+fp/hard/crtbegin.o
 .ARM.attributes
                0x00000056       0x34 /usr/lib/gcc/arm-none-eabi/13.2.1/../../../arm-none-eabi/lib/thumb/v7e-m+fp/hard/libc_nano.a(libc_a-init.o)
 .ARM.attributes
                0x0000008a       0x34 /usr/lib/gcc/arm-none-eabi/13.2.1/../../../arm-none-eabi/lib/thumb/v7e-m+fp/hard/libc_nano.a(libc_a-memset.o)
 .ARM.attributes
                0x000000be       0x34 CMakeFiles/LCD_i2c.dir/Core/Src/lcd.c.obj
 .ARM.attributes
                0x000000f2       0x34 CMakeFiles/LCD_i2c.dir/Core/Src/main.c.obj
 .ARM.attributes
                0x00000126       0x34 CMakeFiles/LCD_i2c.dir/Core/Src/gpio.c.obj
 .ARM.attributes
                0x0000015a       0x34 CMakeFiles/LCD_i2c.dir/Core/Src/i2c.c.obj
 .ARM.attributes
                0x0000018e       0x34 CMakeFiles/LCD_i2c.dir/Core/Src/tim.c.obj
 .ARM.attributes
                0x000001c2       0x34 CMakeFiles/LCD_i2c.dir/Core/Src/stm32f4xx_it.c.obj
 .ARM.attributes
                0x000001f6       0x34 CMakeFiles/LCD_i2c.dir/Core/Src/stm32f4xx_hal_msp.c.obj
 .ARM.attributes
                0x0000022a       0x34 CMakeFiles/LCD_i2c.dir/Drivers/STM32F4xx_HAL_Driver/Src/stm32f4xx_hal_i2c.c.obj
 .ARM.attributes
                0x0000025e       0x34 CMakeFiles/LCD_i2c.dir/Drivers/STM32F4xx_HAL_Driver/Src/stm32f4xx_hal_i2c_ex.c.obj
 .ARM.attributes
                0x00000292       0x34 CMakeFiles/LCD_i2c.dir/Drivers/STM32F4xx_HAL_Driver/Src/stm32f4xx_hal_rcc.c.obj
 .ARM.attributes
                0x000002c6       0x34 CMakeFiles/LCD_i2c.dir/Drivers/STM32F4xx_HAL_Driver/Src/stm32f4xx_hal_gpio.c.obj
 .ARM.attributes
                0x000002fa       0x34 CMakeFiles/LCD_i2c.dir/Drivers/STM32F4xx_HAL_Driver/Src/stm32f4xx_hal_cortex.c.obj
 .ARM.attributes
                0x0000032e       0x34 CMakeFiles/LCD_i2c.dir/Drivers/STM32F4xx_HAL_Driver/Src/stm32f4xx_hal.c.obj
 .ARM.attributes
                0x00000362       0x34 CMakeFiles/LCD_i2c.dir/Drivers/STM32F4xx_HAL_Driver/Src/stm32f4xx_hal_tim.c.obj
 .ARM.attributes
                0x00000396       0x34 CMakeFiles/LCD_i2c.dir/Drivers/STM32F4xx_HAL_Driver/Src/stm32f4xx_hal_tim_ex.c.obj
 .ARM.attributes
                0x000003ca       0x34 CMakeFiles/LCD_i2c.dir/Core/Src/system_stm32f4xx.c.obj
 .ARM.attributes
                0x000003fe       0x21 CMakeFiles/LCD_i2c.dir/startup_stm32f429xx.s.obj
 .ARM.attributes
                0x0000041f       0x22 /usr/lib/gcc/arm-none-eabi/13.2.1/thumb/v7e-m+fp/hard/libgcc.a(_aeabi_uldivmod.o)
 .ARM.attributes
                0x00000441       0x34 /usr/lib/gcc/arm-none-eabi/13.2.1/thumb/v7e-m+fp/hard/libgcc.a(_udivmoddi4.o)
 .ARM.attributes
                0x00000475       0x22 /usr/lib/gcc/arm-none-eabi/13.2.1/thumb/v7e-m+fp/hard/libgcc.a(_dvmd_tls.o)
 .ARM.attributes
                0x00000497       0x34 /usr/lib/gcc/arm-none-eabi/13.2.1/thumb/v7e-m+fp/hard/crtend.o
 .ARM.attributes
                0x000004cb       0x22 /usr/lib/gcc/arm-none-eabi/13.2.1/thumb/v7e-m+fp/hard/crtn.o

.comment        0x00000000       0x26
 .comment       0x00000000       0x26 /usr/lib/gcc/arm-none-eabi/13.2.1/thumb/v7e-m+fp/hard/crtbegin.o
                                 0x27 (size before relaxing)
 .comment       0x00000026       0x27 /usr/lib/gcc/arm-none-eabi/13.2.1/../../../arm-none-eabi/lib/thumb/v7e-m+fp/hard/libc_nano.a(libc_a-init.o)
 .comment       0x00000026       0x27 /usr/lib/gcc/arm-none-eabi/13.2.1/../../../arm-none-eabi/lib/thumb/v7e-m+fp/hard/libc_nano.a(libc_a-memset.o)
 .comment       0x00000026       0x27 CMakeFiles/LCD_i2c.dir/Core/Src/lcd.c.obj
 .comment       0x00000026       0x27 CMakeFiles/LCD_i2c.dir/Core/Src/main.c.obj
 .comment       0x00000026       0x27 CMakeFiles/LCD_i2c.dir/Core/Src/gpio.c.obj
 .comment       0x00000026       0x27 CMakeFiles/LCD_i2c.dir/Core/Src/i2c.c.obj
 .comment       0x00000026       0x27 CMakeFiles/LCD_i2c.dir/Core/Src/tim.c.obj
 .comment       0x00000026       0x27 CMakeFiles/LCD_i2c.dir/Core/Src/stm32f4xx_it.c.obj
 .comment       0x00000026       0x27 CMakeFiles/LCD_i2c.dir/Core/Src/stm32f4xx_hal_msp.c.obj
 .comment       0x00000026       0x27 CMakeFiles/LCD_i2c.dir/Drivers/STM32F4xx_HAL_Driver/Src/stm32f4xx_hal_i2c.c.obj
 .comment       0x00000026       0x27 CMakeFiles/LCD_i2c.dir/Drivers/STM32F4xx_HAL_Driver/Src/stm32f4xx_hal_i2c_ex.c.obj
 .comment       0x00000026       0x27 CMakeFiles/LCD_i2c.dir/Drivers/STM32F4xx_HAL_Driver/Src/stm32f4xx_hal_rcc.c.obj
 .comment       0x00000026       0x27 CMakeFiles/LCD_i2c.dir/Drivers/STM32F4xx_HAL_Driver/Src/stm32f4xx_hal_gpio.c.obj
 .comment       0x00000026       0x27 CMakeFiles/LCD_i2c.dir/Drivers/STM32F4xx_HAL_Driver/Src/stm32f4xx_hal_cortex.c.obj
 .comment       0x00000026       0x27 CMakeFiles/LCD_i2c.dir/Drivers/STM32F4xx_HAL_Driver/Src/stm32f4xx_hal.c.obj
 .comment       0x00000026       0x27 CMakeFiles/LCD_i2c.dir/Drivers/STM32F4xx_HAL_Driver/Src/stm32f4xx_hal_tim.c.obj
 .comment       0x00000026       0x27 CMakeFiles/LCD_i2c.dir/Drivers/STM32F4xx_HAL_Driver/Src/stm32f4xx_hal_tim_ex.c.obj
 .comment       0x00000026       0x27 CMakeFiles/LCD_i2c.dir/Core/Src/system_stm32f4xx.c.obj
 .comment       0x00000026       0x27 /usr/lib/gcc/arm-none-eabi/13.2.1/thumb/v7e-m+fp/hard/libgcc.a(_udivmoddi4.o)
 .comment       0x00000026       0x27 /usr/lib/gcc/arm-none-eabi/13.2.1/thumb/v7e-m+fp/hard/crtend.o

.debug_info     0x00000000     0xccc4
 .debug_info    0x00000000      0x10b /usr/lib/gcc/arm-none-eabi/13.2.1/../../../arm-none-eabi/lib/thumb/v7e-m+fp/hard/libc_nano.a(libc_a-init.o)
 .debug_info    0x0000010b      0x135 /usr/lib/gcc/arm-none-eabi/13.2.1/../../../arm-none-eabi/lib/thumb/v7e-m+fp/hard/libc_nano.a(libc_a-memset.o)
 .debug_info    0x00000240      0x783 CMakeFiles/LCD_i2c.dir/Core/Src/lcd.c.obj
 .debug_info    0x000009c3      0x4f4 CMakeFiles/LCD_i2c.dir/Core/Src/main.c.obj
 .debug_info    0x00000eb7      0x290 CMakeFiles/LCD_i2c.dir/Core/Src/gpio.c.obj
 .debug_info    0x00001147      0x99a CMakeFiles/LCD_i2c.dir/Core/Src/i2c.c.obj
 .debug_info    0x00001ae1      0xca8 CMakeFiles/LCD_i2c.dir/Core/Src/tim.c.obj
 .debug_info    0x00002789      0x6ed CMakeFiles/LCD_i2c.dir/Core/Src/stm32f4xx_it.c.obj
 .debug_info    0x00002e76      0x288 CMakeFiles/LCD_i2c.dir/Core/Src/stm32f4xx_hal_msp.c.obj
 .debug_info    0x000030fe     0x23fd CMakeFiles/LCD_i2c.dir/Drivers/STM32F4xx_HAL_Driver/Src/stm32f4xx_hal_i2c.c.obj
 .debug_info    0x000054fb      0x64e CMakeFiles/LCD_i2c.dir/Drivers/STM32F4xx_HAL_Driver/Src/stm32f4xx_hal_i2c_ex.c.obj
 .debug_info    0x00005b49      0x897 CMakeFiles/LCD_i2c.dir/Drivers/STM32F4xx_HAL_Driver/Src/stm32f4xx_hal_rcc.c.obj
 .debug_info    0x000063e0      0x6b7 CMakeFiles/LCD_i2c.dir/Drivers/STM32F4xx_HAL_Driver/Src/stm32f4xx_hal_gpio.c.obj
 .debug_info    0x00006a97      0xd9e CMakeFiles/LCD_i2c.dir/Drivers/STM32F4xx_HAL_Driver/Src/stm32f4xx_hal_cortex.c.obj
 .debug_info    0x00007835      0x9ae CMakeFiles/LCD_i2c.dir/Drivers/STM32F4xx_HAL_Driver/Src/stm32f4xx_hal.c.obj
 .debug_info    0x000081e3     0x2985 CMakeFiles/LCD_i2c.dir/Drivers/STM32F4xx_HAL_Driver/Src/stm32f4xx_hal_tim.c.obj
 .debug_info    0x0000ab68     0x14c3 CMakeFiles/LCD_i2c.dir/Drivers/STM32F4xx_HAL_Driver/Src/stm32f4xx_hal_tim_ex.c.obj
 .debug_info    0x0000c02b      0x514 CMakeFiles/LCD_i2c.dir/Core/Src/system_stm32f4xx.c.obj
 .debug_info    0x0000c53f       0x30 CMakeFiles/LCD_i2c.dir/startup_stm32f429xx.s.obj
 .debug_info    0x0000c56f       0x24 /usr/lib/gcc/arm-none-eabi/13.2.1/thumb/v7e-m+fp/hard/libgcc.a(_aeabi_uldivmod.o)
 .debug_info    0x0000c593      0x6f5 /usr/lib/gcc/arm-none-eabi/13.2.1/thumb/v7e-m+fp/hard/libgcc.a(_udivmoddi4.o)
 .debug_info    0x0000cc88       0x3c /usr/lib/gcc/arm-none-eabi/13.2.1/thumb/v7e-m+fp/hard/libgcc.a(_dvmd_tls.o)

.debug_abbrev   0x00000000     0x2265
 .debug_abbrev  0x00000000       0xc9 /usr/lib/gcc/arm-none-eabi/13.2.1/../../../arm-none-eabi/lib/thumb/v7e-m+fp/hard/libc_nano.a(libc_a-init.o)
 .debug_abbrev  0x000000c9       0xb7 /usr/lib/gcc/arm-none-eabi/13.2.1/../../../arm-none-eabi/lib/thumb/v7e-m+fp/hard/libc_nano.a(libc_a-memset.o)
 .debug_abbrev  0x00000180      0x1ec CMakeFiles/LCD_i2c.dir/Core/Src/lcd.c.obj
 .debug_abbrev  0x0000036c      0x1eb CMakeFiles/LCD_i2c.dir/Core/Src/main.c.obj
 .debug_abbrev  0x00000557       0xd8 CMakeFiles/LCD_i2c.dir/Core/Src/gpio.c.obj
 .debug_abbrev  0x0000062f      0x20a CMakeFiles/LCD_i2c.dir/Core/Src/i2c.c.obj
 .debug_abbrev  0x00000839      0x206 CMakeFiles/LCD_i2c.dir/Core/Src/tim.c.obj
 .debug_abbrev  0x00000a3f      0x194 CMakeFiles/LCD_i2c.dir/Core/Src/stm32f4xx_it.c.obj
 .debug_abbrev  0x00000bd3       0xf4 CMakeFiles/LCD_i2c.dir/Core/Src/stm32f4xx_hal_msp.c.obj
 .debug_abbrev  0x00000cc7      0x2ad CMakeFiles/LCD_i2c.dir/Drivers/STM32F4xx_HAL_Driver/Src/stm32f4xx_hal_i2c.c.obj
 .debug_abbrev  0x00000f74      0x157 CMakeFiles/LCD_i2c.dir/Drivers/STM32F4xx_HAL_Driver/Src/stm32f4xx_hal_i2c_ex.c.obj
 .debug_abbrev  0x000010cb      0x2b7 CMakeFiles/LCD_i2c.dir/Drivers/STM32F4xx_HAL_Driver/Src/stm32f4xx_hal_rcc.c.obj
 .debug_abbrev  0x00001382      0x1d4 CMakeFiles/LCD_i2c.dir/Drivers/STM32F4xx_HAL_Driver/Src/stm32f4xx_hal_gpio.c.obj
 .debug_abbrev  0x00001556      0x31d CMakeFiles/LCD_i2c.dir/Drivers/STM32F4xx_HAL_Driver/Src/stm32f4xx_hal_cortex.c.obj
 .debug_abbrev  0x00001873      0x214 CMakeFiles/LCD_i2c.dir/Drivers/STM32F4xx_HAL_Driver/Src/stm32f4xx_hal.c.obj
 .debug_abbrev  0x00001a87      0x278 CMakeFiles/LCD_i2c.dir/Drivers/STM32F4xx_HAL_Driver/Src/stm32f4xx_hal_tim.c.obj
 .debug_abbrev  0x00001cff      0x283 CMakeFiles/LCD_i2c.dir/Drivers/STM32F4xx_HAL_Driver/Src/stm32f4xx_hal_tim_ex.c.obj
 .debug_abbrev  0x00001f82      0x11b CMakeFiles/LCD_i2c.dir/Core/Src/system_stm32f4xx.c.obj
 .debug_abbrev  0x0000209d       0x24 CMakeFiles/LCD_i2c.dir/startup_stm32f429xx.s.obj
 .debug_abbrev  0x000020c1       0x14 /usr/lib/gcc/arm-none-eabi/13.2.1/thumb/v7e-m+fp/hard/libgcc.a(_aeabi_uldivmod.o)
 .debug_abbrev  0x000020d5      0x16a /usr/lib/gcc/arm-none-eabi/13.2.1/thumb/v7e-m+fp/hard/libgcc.a(_udivmoddi4.o)
 .debug_abbrev  0x0000223f       0x26 /usr/lib/gcc/arm-none-eabi/13.2.1/thumb/v7e-m+fp/hard/libgcc.a(_dvmd_tls.o)

.debug_loclists
                0x00000000      0xc0b
 .debug_loclists
                0x00000000       0x65 /usr/lib/gcc/arm-none-eabi/13.2.1/../../../arm-none-eabi/lib/thumb/v7e-m+fp/hard/libc_nano.a(libc_a-init.o)
 .debug_loclists
                0x00000065      0x1c2 /usr/lib/gcc/arm-none-eabi/13.2.1/../../../arm-none-eabi/lib/thumb/v7e-m+fp/hard/libc_nano.a(libc_a-memset.o)
 .debug_loclists
                0x00000227      0x9e4 /usr/lib/gcc/arm-none-eabi/13.2.1/thumb/v7e-m+fp/hard/libgcc.a(_udivmoddi4.o)

.debug_aranges  0x00000000      0xd88
 .debug_aranges
                0x00000000       0x20 /usr/lib/gcc/arm-none-eabi/13.2.1/../../../arm-none-eabi/lib/thumb/v7e-m+fp/hard/libc_nano.a(libc_a-init.o)
 .debug_aranges
                0x00000020       0x20 /usr/lib/gcc/arm-none-eabi/13.2.1/../../../arm-none-eabi/lib/thumb/v7e-m+fp/hard/libc_nano.a(libc_a-memset.o)
 .debug_aranges
                0x00000040       0x38 CMakeFiles/LCD_i2c.dir/Core/Src/lcd.c.obj
 .debug_aranges
                0x00000078       0x30 CMakeFiles/LCD_i2c.dir/Core/Src/main.c.obj
 .debug_aranges
                0x000000a8       0x20 CMakeFiles/LCD_i2c.dir/Core/Src/gpio.c.obj
 .debug_aranges
                0x000000c8       0x30 CMakeFiles/LCD_i2c.dir/Core/Src/i2c.c.obj
 .debug_aranges
                0x000000f8       0x38 CMakeFiles/LCD_i2c.dir/Core/Src/tim.c.obj
 .debug_aranges
                0x00000130       0x70 CMakeFiles/LCD_i2c.dir/Core/Src/stm32f4xx_it.c.obj
 .debug_aranges
                0x000001a0       0x20 CMakeFiles/LCD_i2c.dir/Core/Src/stm32f4xx_hal_msp.c.obj
 .debug_aranges
                0x000001c0      0x2a8 CMakeFiles/LCD_i2c.dir/Drivers/STM32F4xx_HAL_Driver/Src/stm32f4xx_hal_i2c.c.obj
 .debug_aranges
                0x00000468       0x28 CMakeFiles/LCD_i2c.dir/Drivers/STM32F4xx_HAL_Driver/Src/stm32f4xx_hal_i2c_ex.c.obj
 .debug_aranges
                0x00000490       0x88 CMakeFiles/LCD_i2c.dir/Drivers/STM32F4xx_HAL_Driver/Src/stm32f4xx_hal_rcc.c.obj
 .debug_aranges
                0x00000518       0x58 CMakeFiles/LCD_i2c.dir/Drivers/STM32F4xx_HAL_Driver/Src/stm32f4xx_hal_gpio.c.obj
 .debug_aranges
                0x00000570      0x130 CMakeFiles/LCD_i2c.dir/Drivers/STM32F4xx_HAL_Driver/Src/stm32f4xx_hal_cortex.c.obj
 .debug_aranges
                0x000006a0      0x100 CMakeFiles/LCD_i2c.dir/Drivers/STM32F4xx_HAL_Driver/Src/stm32f4xx_hal.c.obj
 .debug_aranges
                0x000007a0      0x3d0 CMakeFiles/LCD_i2c.dir/Drivers/STM32F4xx_HAL_Driver/Src/stm32f4xx_hal_tim.c.obj
 .debug_aranges
                0x00000b70      0x168 CMakeFiles/LCD_i2c.dir/Drivers/STM32F4xx_HAL_Driver/Src/stm32f4xx_hal_tim_ex.c.obj
 .debug_aranges
                0x00000cd8       0x28 CMakeFiles/LCD_i2c.dir/Core/Src/system_stm32f4xx.c.obj
 .debug_aranges
                0x00000d00       0x28 CMakeFiles/LCD_i2c.dir/startup_stm32f429xx.s.obj
 .debug_aranges
                0x00000d28       0x20 /usr/lib/gcc/arm-none-eabi/13.2.1/thumb/v7e-m+fp/hard/libgcc.a(_aeabi_uldivmod.o)
 .debug_aranges
                0x00000d48       0x20 /usr/lib/gcc/arm-none-eabi/13.2.1/thumb/v7e-m+fp/hard/libgcc.a(_udivmoddi4.o)
 .debug_aranges
                0x00000d68       0x20 /usr/lib/gcc/arm-none-eabi/13.2.1/thumb/v7e-m+fp/hard/libgcc.a(_dvmd_tls.o)

.debug_line     0x00000000     0xe920
 .debug_line    0x00000000      0x11e /usr/lib/gcc/arm-none-eabi/13.2.1/../../../arm-none-eabi/lib/thumb/v7e-m+fp/hard/libc_nano.a(libc_a-init.o)
 .debug_line    0x0000011e      0x1b6 /usr/lib/gcc/arm-none-eabi/13.2.1/../../../arm-none-eabi/lib/thumb/v7e-m+fp/hard/libc_nano.a(libc_a-memset.o)
 .debug_line    0x000002d4      0x5e9 CMakeFiles/LCD_i2c.dir/Core/Src/lcd.c.obj
 .debug_line    0x000008bd      0x59e CMakeFiles/LCD_i2c.dir/Core/Src/main.c.obj
 .debug_line    0x00000e5b      0x500 CMakeFiles/LCD_i2c.dir/Core/Src/gpio.c.obj
 .debug_line    0x0000135b      0x58b CMakeFiles/LCD_i2c.dir/Core/Src/i2c.c.obj
 .debug_line    0x000018e6      0x5fc CMakeFiles/LCD_i2c.dir/Core/Src/tim.c.obj
 .debug_line    0x00001ee2      0x5e1 CMakeFiles/LCD_i2c.dir/Core/Src/stm32f4xx_it.c.obj
 .debug_line    0x000024c3      0x503 CMakeFiles/LCD_i2c.dir/Core/Src/stm32f4xx_hal_msp.c.obj
 .debug_line    0x000029c6     0x38a6 CMakeFiles/LCD_i2c.dir/Drivers/STM32F4xx_HAL_Driver/Src/stm32f4xx_hal_i2c.c.obj
 .debug_line    0x0000626c      0x57d CMakeFiles/LCD_i2c.dir/Drivers/STM32F4xx_HAL_Driver/Src/stm32f4xx_hal_i2c_ex.c.obj
 .debug_line    0x000067e9      0xc03 CMakeFiles/LCD_i2c.dir/Drivers/STM32F4xx_HAL_Driver/Src/stm32f4xx_hal_rcc.c.obj
 .debug_line    0x000073ec      0x974 CMakeFiles/LCD_i2c.dir/Drivers/STM32F4xx_HAL_Driver/Src/stm32f4xx_hal_gpio.c.obj
 .debug_line    0x00007d60      0xac4 CMakeFiles/LCD_i2c.dir/Drivers/STM32F4xx_HAL_Driver/Src/stm32f4xx_hal_cortex.c.obj
 .debug_line    0x00008824      0x82a CMakeFiles/LCD_i2c.dir/Drivers/STM32F4xx_HAL_Driver/Src/stm32f4xx_hal.c.obj
 .debug_line    0x0000904e     0x3571 CMakeFiles/LCD_i2c.dir/Drivers/STM32F4xx_HAL_Driver/Src/stm32f4xx_hal_tim.c.obj
 .debug_line    0x0000c5bf     0x1754 CMakeFiles/LCD_i2c.dir/Drivers/STM32F4xx_HAL_Driver/Src/stm32f4xx_hal_tim_ex.c.obj
 .debug_line    0x0000dd13      0x587 CMakeFiles/LCD_i2c.dir/Core/Src/system_stm32f4xx.c.obj
 .debug_line    0x0000e29a       0x7a CMakeFiles/LCD_i2c.dir/startup_stm32f429xx.s.obj
 .debug_line    0x0000e314       0x4e /usr/lib/gcc/arm-none-eabi/13.2.1/thumb/v7e-m+fp/hard/libgcc.a(_aeabi_uldivmod.o)
 .debug_line    0x0000e362      0x574 /usr/lib/gcc/arm-none-eabi/13.2.1/thumb/v7e-m+fp/hard/libgcc.a(_udivmoddi4.o)
 .debug_line    0x0000e8d6       0x4a /usr/lib/gcc/arm-none-eabi/13.2.1/thumb/v7e-m+fp/hard/libgcc.a(_dvmd_tls.o)

.debug_str      0x00000000    0xd6bc6
 .debug_str     0x00000000    0xd6bc6 /usr/lib/gcc/arm-none-eabi/13.2.1/../../../arm-none-eabi/lib/thumb/v7e-m+fp/hard/libc_nano.a(libc_a-init.o)
                                0x1fa (size before relaxing)
 .debug_str     0x000d6bc6      0x1ad /usr/lib/gcc/arm-none-eabi/13.2.1/../../../arm-none-eabi/lib/thumb/v7e-m+fp/hard/libc_nano.a(libc_a-memset.o)
 .debug_str     0x000d6bc6    0xd2a44 CMakeFiles/LCD_i2c.dir/Core/Src/lcd.c.obj
 .debug_str     0x000d6bc6    0xd27bd CMakeFiles/LCD_i2c.dir/Core/Src/main.c.obj
 .debug_str     0x000d6bc6    0xd259d CMakeFiles/LCD_i2c.dir/Core/Src/gpio.c.obj
 .debug_str     0x000d6bc6    0xd2bc2 CMakeFiles/LCD_i2c.dir/Core/Src/i2c.c.obj
 .debug_str     0x000d6bc6    0xd31e9 CMakeFiles/LCD_i2c.dir/Core/Src/tim.c.obj
 .debug_str     0x000d6bc6    0xd2a84 CMakeFiles/LCD_i2c.dir/Core/Src/stm32f4xx_it.c.obj
 .debug_str     0x000d6bc6    0xd25ba CMakeFiles/LCD_i2c.dir/Core/Src/stm32f4xx_hal_msp.c.obj
 .debug_str     0x000d6bc6    0xd3648 CMakeFiles/LCD_i2c.dir/Drivers/STM32F4xx_HAL_Driver/Src/stm32f4xx_hal_i2c.c.obj
 .debug_str     0x000d6bc6    0xd2a07 CMakeFiles/LCD_i2c.dir/Drivers/STM32F4xx_HAL_Driver/Src/stm32f4xx_hal_i2c_ex.c.obj
 .debug_str     0x000d6bc6    0xd2a61 CMakeFiles/LCD_i2c.dir/Drivers/STM32F4xx_HAL_Driver/Src/stm32f4xx_hal_rcc.c.obj
 .debug_str     0x000d6bc6    0xd27b3 CMakeFiles/LCD_i2c.dir/Drivers/STM32F4xx_HAL_Driver/Src/stm32f4xx_hal_gpio.c.obj
 .debug_str     0x000d6bc6    0xd2f8a CMakeFiles/LCD_i2c.dir/Drivers/STM32F4xx_HAL_Driver/Src/stm32f4xx_hal_cortex.c.obj
 .debug_str     0x000d6bc6    0xd3270 CMakeFiles/LCD_i2c.dir/Drivers/STM32F4xx_HAL_Driver/Src/stm32f4xx_hal.c.obj
 .debug_str     0x000d6bc6    0xd39b9 CMakeFiles/LCD_i2c.dir/Drivers/STM32F4xx_HAL_Driver/Src/stm32f4xx_hal_tim.c.obj
 .debug_str     0x000d6bc6    0xd31c5 CMakeFiles/LCD_i2c.dir/Drivers/STM32F4xx_HAL_Driver/Src/stm32f4xx_hal_tim_ex.c.obj
 .debug_str     0x000d6bc6    0xd2643 CMakeFiles/LCD_i2c.dir/Core/Src/system_stm32f4xx.c.obj
 .debug_str     0x000d6bc6       0x72 CMakeFiles/LCD_i2c.dir/startup_stm32f429xx.s.obj
 .debug_str     0x000d6bc6       0xa3 /usr/lib/gcc/arm-none-eabi/13.2.1/thumb/v7e-m+fp/hard/libgcc.a(_aeabi_uldivmod.o)
 .debug_str     0x000d6bc6      0x685 /usr/lib/gcc/arm-none-eabi/13.2.1/thumb/v7e-m+fp/hard/libgcc.a(_udivmoddi4.o)
 .debug_str     0x000d6bc6       0xc3 /usr/lib/gcc/arm-none-eabi/13.2.1/thumb/v7e-m+fp/hard/libgcc.a(_dvmd_tls.o)

.debug_frame    0x00000000     0x35a4
 .debug_frame   0x00000000       0x2c /usr/lib/gcc/arm-none-eabi/13.2.1/../../../arm-none-eabi/lib/thumb/v7e-m+fp/hard/libc_nano.a(libc_a-init.o)
 .debug_frame   0x0000002c       0x2c /usr/lib/gcc/arm-none-eabi/13.2.1/../../../arm-none-eabi/lib/thumb/v7e-m+fp/hard/libc_nano.a(libc_a-memset.o)
 .debug_frame   0x00000058       0x98 CMakeFiles/LCD_i2c.dir/Core/Src/lcd.c.obj
 .debug_frame   0x000000f0       0x68 CMakeFiles/LCD_i2c.dir/Core/Src/main.c.obj
 .debug_frame   0x00000158       0x38 CMakeFiles/LCD_i2c.dir/Core/Src/gpio.c.obj
 .debug_frame   0x00000190       0x74 CMakeFiles/LCD_i2c.dir/Core/Src/i2c.c.obj
 .debug_frame   0x00000204       0xa0 CMakeFiles/LCD_i2c.dir/Core/Src/tim.c.obj
 .debug_frame   0x000002a4      0x13c CMakeFiles/LCD_i2c.dir/Core/Src/stm32f4xx_it.c.obj
 .debug_frame   0x000003e0       0x34 CMakeFiles/LCD_i2c.dir/Core/Src/stm32f4xx_hal_msp.c.obj
 .debug_frame   0x00000414      0xc84 CMakeFiles/LCD_i2c.dir/Drivers/STM32F4xx_HAL_Driver/Src/stm32f4xx_hal_i2c.c.obj
 .debug_frame   0x00001098       0x60 CMakeFiles/LCD_i2c.dir/Drivers/STM32F4xx_HAL_Driver/Src/stm32f4xx_hal_i2c_ex.c.obj
 .debug_frame   0x000010f8      0x1f4 CMakeFiles/LCD_i2c.dir/Drivers/STM32F4xx_HAL_Driver/Src/stm32f4xx_hal_rcc.c.obj
 .debug_frame   0x000012ec      0x14c CMakeFiles/LCD_i2c.dir/Drivers/STM32F4xx_HAL_Driver/Src/stm32f4xx_hal_gpio.c.obj
 .debug_frame   0x00001438      0x508 CMakeFiles/LCD_i2c.dir/Drivers/STM32F4xx_HAL_Driver/Src/stm32f4xx_hal_cortex.c.obj
 .debug_frame   0x00001940      0x3b4 CMakeFiles/LCD_i2c.dir/Drivers/STM32F4xx_HAL_Driver/Src/stm32f4xx_hal.c.obj
 .debug_frame   0x00001cf4     0x11c0 CMakeFiles/LCD_i2c.dir/Drivers/STM32F4xx_HAL_Driver/Src/stm32f4xx_hal_tim.c.obj
 .debug_frame   0x00002eb4      0x638 CMakeFiles/LCD_i2c.dir/Drivers/STM32F4xx_HAL_Driver/Src/stm32f4xx_hal_tim_ex.c.obj
 .debug_frame   0x000034ec       0x58 CMakeFiles/LCD_i2c.dir/Core/Src/system_stm32f4xx.c.obj
 .debug_frame   0x00003544       0x2c /usr/lib/gcc/arm-none-eabi/13.2.1/thumb/v7e-m+fp/hard/libgcc.a(_aeabi_uldivmod.o)
 .debug_frame   0x00003570       0x34 /usr/lib/gcc/arm-none-eabi/13.2.1/thumb/v7e-m+fp/hard/libgcc.a(_udivmoddi4.o)

.debug_rnglists
                0x00000000      0xa91
 .debug_rnglists
                0x00000000       0x28 CMakeFiles/LCD_i2c.dir/Core/Src/lcd.c.obj
 .debug_rnglists
                0x00000028       0x20 CMakeFiles/LCD_i2c.dir/Core/Src/main.c.obj
 .debug_rnglists
                0x00000048       0x13 CMakeFiles/LCD_i2c.dir/Core/Src/gpio.c.obj
 .debug_rnglists
                0x0000005b       0x21 CMakeFiles/LCD_i2c.dir/Core/Src/i2c.c.obj
 .debug_rnglists
                0x0000007c       0x28 CMakeFiles/LCD_i2c.dir/Core/Src/tim.c.obj
 .debug_rnglists
                0x000000a4       0x4f CMakeFiles/LCD_i2c.dir/Core/Src/stm32f4xx_it.c.obj
 .debug_rnglists
                0x000000f3       0x13 CMakeFiles/LCD_i2c.dir/Core/Src/stm32f4xx_hal_msp.c.obj
 .debug_rnglists
                0x00000106      0x23c CMakeFiles/LCD_i2c.dir/Drivers/STM32F4xx_HAL_Driver/Src/stm32f4xx_hal_i2c.c.obj
 .debug_rnglists
                0x00000342       0x19 CMakeFiles/LCD_i2c.dir/Drivers/STM32F4xx_HAL_Driver/Src/stm32f4xx_hal_i2c_ex.c.obj
 .debug_rnglists
                0x0000035b       0x66 CMakeFiles/LCD_i2c.dir/Drivers/STM32F4xx_HAL_Driver/Src/stm32f4xx_hal_rcc.c.obj
 .debug_rnglists
                0x000003c1       0x3f CMakeFiles/LCD_i2c.dir/Drivers/STM32F4xx_HAL_Driver/Src/stm32f4xx_hal_gpio.c.obj
 .debug_rnglists
                0x00000400       0xe0 CMakeFiles/LCD_i2c.dir/Drivers/STM32F4xx_HAL_Driver/Src/stm32f4xx_hal_cortex.c.obj
 .debug_rnglists
                0x000004e0       0xbb CMakeFiles/LCD_i2c.dir/Drivers/STM32F4xx_HAL_Driver/Src/stm32f4xx_hal.c.obj
 .debug_rnglists
                0x0000059b      0x31a CMakeFiles/LCD_i2c.dir/Drivers/STM32F4xx_HAL_Driver/Src/stm32f4xx_hal_tim.c.obj
 .debug_rnglists
                0x000008b5      0x125 CMakeFiles/LCD_i2c.dir/Drivers/STM32F4xx_HAL_Driver/Src/stm32f4xx_hal_tim_ex.c.obj
 .debug_rnglists
                0x000009da       0x1a CMakeFiles/LCD_i2c.dir/Core/Src/system_stm32f4xx.c.obj
 .debug_rnglists
                0x000009f4       0x19 CMakeFiles/LCD_i2c.dir/startup_stm32f429xx.s.obj
 .debug_rnglists
                0x00000a0d       0x84 /usr/lib/gcc/arm-none-eabi/13.2.1/thumb/v7e-m+fp/hard/libgcc.a(_udivmoddi4.o)

.debug_macro    0x00000000    0x22d1c
 .debug_macro   0x00000000      0x1ca CMakeFiles/LCD_i2c.dir/Core/Src/lcd.c.obj
 .debug_macro   0x000001ca      0xad8 CMakeFiles/LCD_i2c.dir/Core/Src/lcd.c.obj
 .debug_macro   0x00000ca2      0x34e CMakeFiles/LCD_i2c.dir/Core/Src/lcd.c.obj
 .debug_macro   0x00000ff0      0x29b CMakeFiles/LCD_i2c.dir/Core/Src/lcd.c.obj
 .debug_macro   0x0000128b       0x2e CMakeFiles/LCD_i2c.dir/Core/Src/lcd.c.obj
 .debug_macro   0x000012b9       0x28 CMakeFiles/LCD_i2c.dir/Core/Src/lcd.c.obj
 .debug_macro   0x000012e1       0x1c CMakeFiles/LCD_i2c.dir/Core/Src/lcd.c.obj
 .debug_macro   0x000012fd       0x22 CMakeFiles/LCD_i2c.dir/Core/Src/lcd.c.obj
 .debug_macro   0x0000131f       0xfb CMakeFiles/LCD_i2c.dir/Core/Src/lcd.c.obj
 .debug_macro   0x0000141a     0x1011 CMakeFiles/LCD_i2c.dir/Core/Src/lcd.c.obj
 .debug_macro   0x0000242b      0x11f CMakeFiles/LCD_i2c.dir/Core/Src/lcd.c.obj
 .debug_macro   0x0000254a    0x17fd8 CMakeFiles/LCD_i2c.dir/Core/Src/lcd.c.obj
 .debug_macro   0x0001a522       0x6d CMakeFiles/LCD_i2c.dir/Core/Src/lcd.c.obj
 .debug_macro   0x0001a58f     0x3711 CMakeFiles/LCD_i2c.dir/Core/Src/lcd.c.obj
 .debug_macro   0x0001dca0      0x190 CMakeFiles/LCD_i2c.dir/Core/Src/lcd.c.obj
 .debug_macro   0x0001de30       0x5c CMakeFiles/LCD_i2c.dir/Core/Src/lcd.c.obj
 .debug_macro   0x0001de8c      0xcba CMakeFiles/LCD_i2c.dir/Core/Src/lcd.c.obj
 .debug_macro   0x0001eb46      0x9e9 CMakeFiles/LCD_i2c.dir/Core/Src/lcd.c.obj
 .debug_macro   0x0001f52f      0x115 CMakeFiles/LCD_i2c.dir/Core/Src/lcd.c.obj
 .debug_macro   0x0001f644      0x156 CMakeFiles/LCD_i2c.dir/Core/Src/lcd.c.obj
 .debug_macro   0x0001f79a       0xa5 CMakeFiles/LCD_i2c.dir/Core/Src/lcd.c.obj
 .debug_macro   0x0001f83f      0x182 CMakeFiles/LCD_i2c.dir/Core/Src/lcd.c.obj
 .debug_macro   0x0001f9c1      0x287 CMakeFiles/LCD_i2c.dir/Core/Src/lcd.c.obj
 .debug_macro   0x0001fc48       0x5f CMakeFiles/LCD_i2c.dir/Core/Src/lcd.c.obj
 .debug_macro   0x0001fca7      0x236 CMakeFiles/LCD_i2c.dir/Core/Src/lcd.c.obj
 .debug_macro   0x0001fedd      0x132 CMakeFiles/LCD_i2c.dir/Core/Src/lcd.c.obj
 .debug_macro   0x0002000f      0x41d CMakeFiles/LCD_i2c.dir/Core/Src/lcd.c.obj
 .debug_macro   0x0002042c       0x2e CMakeFiles/LCD_i2c.dir/Core/Src/lcd.c.obj
 .debug_macro   0x0002045a      0x1b5 CMakeFiles/LCD_i2c.dir/Core/Src/lcd.c.obj
 .debug_macro   0x0002060f       0x22 CMakeFiles/LCD_i2c.dir/Core/Src/lcd.c.obj
 .debug_macro   0x00020631       0xd6 CMakeFiles/LCD_i2c.dir/Core/Src/lcd.c.obj
 .debug_macro   0x00020707      0x127 CMakeFiles/LCD_i2c.dir/Core/Src/lcd.c.obj
 .debug_macro   0x0002082e       0xe2 CMakeFiles/LCD_i2c.dir/Core/Src/lcd.c.obj
 .debug_macro   0x00020910       0x89 CMakeFiles/LCD_i2c.dir/Core/Src/lcd.c.obj
 .debug_macro   0x00020999      0x8ed CMakeFiles/LCD_i2c.dir/Core/Src/lcd.c.obj
 .debug_macro   0x00021286       0x4d CMakeFiles/LCD_i2c.dir/Core/Src/lcd.c.obj
 .debug_macro   0x000212d3      0x134 CMakeFiles/LCD_i2c.dir/Core/Src/lcd.c.obj
 .debug_macro   0x00021407      0x1ca CMakeFiles/LCD_i2c.dir/Core/Src/main.c.obj
 .debug_macro   0x000215d1      0x1a8 CMakeFiles/LCD_i2c.dir/Core/Src/gpio.c.obj
 .debug_macro   0x00021779      0x1a8 CMakeFiles/LCD_i2c.dir/Core/Src/i2c.c.obj
 .debug_macro   0x00021921      0x1a8 CMakeFiles/LCD_i2c.dir/Core/Src/tim.c.obj
 .debug_macro   0x00021ac9      0x1a8 CMakeFiles/LCD_i2c.dir/Core/Src/stm32f4xx_it.c.obj
 .debug_macro   0x00021c71      0x19e CMakeFiles/LCD_i2c.dir/Core/Src/stm32f4xx_hal_msp.c.obj
 .debug_macro   0x00021e0f      0x1e2 CMakeFiles/LCD_i2c.dir/Drivers/STM32F4xx_HAL_Driver/Src/stm32f4xx_hal_i2c.c.obj
 .debug_macro   0x00021ff1      0x194 CMakeFiles/LCD_i2c.dir/Drivers/STM32F4xx_HAL_Driver/Src/stm32f4xx_hal_i2c_ex.c.obj
 .debug_macro   0x00022185      0x1b8 CMakeFiles/LCD_i2c.dir/Drivers/STM32F4xx_HAL_Driver/Src/stm32f4xx_hal_rcc.c.obj
 .debug_macro   0x0002233d      0x19a CMakeFiles/LCD_i2c.dir/Drivers/STM32F4xx_HAL_Driver/Src/stm32f4xx_hal_gpio.c.obj
 .debug_macro   0x000224d7      0x194 CMakeFiles/LCD_i2c.dir/Drivers/STM32F4xx_HAL_Driver/Src/stm32f4xx_hal_cortex.c.obj
 .debug_macro   0x0002266b      0x1f4 CMakeFiles/LCD_i2c.dir/Drivers/STM32F4xx_HAL_Driver/Src/stm32f4xx_hal.c.obj
 .debug_macro   0x0002285f      0x195 CMakeFiles/LCD_i2c.dir/Drivers/STM32F4xx_HAL_Driver/Src/stm32f4xx_hal_tim.c.obj
 .debug_macro   0x000229f4      0x194 CMakeFiles/LCD_i2c.dir/Drivers/STM32F4xx_HAL_Driver/Src/stm32f4xx_hal_tim_ex.c.obj
 .debug_macro   0x00022b88      0x194 CMakeFiles/LCD_i2c.dir/Core/Src/system_stm32f4xx.c.obj

.debug_line_str
                0x00000000       0xda
 .debug_line_str
                0x00000000       0xda CMakeFiles/LCD_i2c.dir/startup_stm32f429xx.s.obj
                                 0x58 (size before relaxing)
 .debug_line_str
                0x000000da       0x97 /usr/lib/gcc/arm-none-eabi/13.2.1/thumb/v7e-m+fp/hard/libgcc.a(_aeabi_uldivmod.o)
 .debug_line_str
                0x000000da       0x9b /usr/lib/gcc/arm-none-eabi/13.2.1/thumb/v7e-m+fp/hard/libgcc.a(_dvmd_tls.o)
